476
845
214
583
952
321
690
59
428
797
166
535
937
240
675
978
413
716
151
454
