136
130
133
211
214
227
230
308
311
198
139
279
220
295
236
177
317
174
314
255
196
271
212
153
293
271
133
277
139
169
230
175
236
247
308
253
314
145
206
151
212
251
179
257
185
149
276
155
282
227
