144
168
192
15
39
63
87
111
135
159
15
174
63
21
111
69
159
117
6
165
54
12
102
60
150
108
30
111
147
27
