145
514
883
352
721
190
559
928
397
766
235
637
940
475
778
313
616
151
454
889
292
727
130
565
868
